// Jest Snapshot v1, https://goo.gl/fbAQLP

exports[`Form tests matches snaphot 1`] = `
Object {
  "asFragment": [Function],
  "baseElement": <body>
    <div>
      <form
        class="form__mes"
      >
        <div
          class="mes__content"
        >
          <div
            class="MuiFormControl-root MuiTextField-root"
            style="margin: 10px;"
          >
            <div
              class="MuiInputBase-root MuiOutlinedInput-root Mui-focused Mui-focused MuiInputBase-formControl MuiInputBase-marginDense MuiOutlinedInput-marginDense"
            >
              <input
                aria-invalid="false"
                class="MuiInputBase-input MuiOutlinedInput-input MuiInputBase-inputMarginDense MuiOutlinedInput-inputMarginDense"
                id="outlined-basic"
                placeholder="type your message..."
                type="text"
                value=""
              />
              <fieldset
                aria-hidden="true"
                class="PrivateNotchedOutline-root-1 MuiOutlinedInput-notchedOutline"
                style="padding-left: 8px;"
              >
                <legend
                  class="PrivateNotchedOutline-legend-2"
                  style="width: 0.01px;"
                >
                  <span>
                    ​
                  </span>
                </legend>
              </fieldset>
            </div>
          </div>
          <div
            class="css-e53awj-MuiStack-root"
          >
            <button
              class="MuiButton-root MuiButton-contained MuiButton-containedPrimary MuiButton-sizeMedium MuiButton-containedSizeMedium MuiButtonBase-root btn css-sghohy-MuiButtonBase-root-MuiButton-root"
              tabindex="0"
              type="submit"
            >
              Send
              <span
                class="MuiButton-endIcon MuiButton-iconSizeMedium css-9tj150-MuiButton-endIcon"
              >
                <svg
                  aria-hidden="true"
                  class="MuiSvgIcon-root MuiSvgIcon-fontSizeMedium css-i4bv87-MuiSvgIcon-root"
                  data-testid="SendIcon"
                  focusable="false"
                  viewBox="0 0 24 24"
                >
                  <path
                    d="M2.01 21 23 12 2.01 3 2 10l15 2-15 2z"
                  />
                </svg>
              </span>
              <span
                class="MuiTouchRipple-root css-8je8zh-MuiTouchRipple-root"
              />
            </button>
          </div>
        </div>
      </form>
    </div>
  </body>,
  "container": <div>
    <form
      class="form__mes"
    >
      <div
        class="mes__content"
      >
        <div
          class="MuiFormControl-root MuiTextField-root"
          style="margin: 10px;"
        >
          <div
            class="MuiInputBase-root MuiOutlinedInput-root Mui-focused Mui-focused MuiInputBase-formControl MuiInputBase-marginDense MuiOutlinedInput-marginDense"
          >
            <input
              aria-invalid="false"
              class="MuiInputBase-input MuiOutlinedInput-input MuiInputBase-inputMarginDense MuiOutlinedInput-inputMarginDense"
              id="outlined-basic"
              placeholder="type your message..."
              type="text"
              value=""
            />
            <fieldset
              aria-hidden="true"
              class="PrivateNotchedOutline-root-1 MuiOutlinedInput-notchedOutline"
              style="padding-left: 8px;"
            >
              <legend
                class="PrivateNotchedOutline-legend-2"
                style="width: 0.01px;"
              >
                <span>
                  ​
                </span>
              </legend>
            </fieldset>
          </div>
        </div>
        <div
          class="css-e53awj-MuiStack-root"
        >
          <button
            class="MuiButton-root MuiButton-contained MuiButton-containedPrimary MuiButton-sizeMedium MuiButton-containedSizeMedium MuiButtonBase-root btn css-sghohy-MuiButtonBase-root-MuiButton-root"
            tabindex="0"
            type="submit"
          >
            Send
            <span
              class="MuiButton-endIcon MuiButton-iconSizeMedium css-9tj150-MuiButton-endIcon"
            >
              <svg
                aria-hidden="true"
                class="MuiSvgIcon-root MuiSvgIcon-fontSizeMedium css-i4bv87-MuiSvgIcon-root"
                data-testid="SendIcon"
                focusable="false"
                viewBox="0 0 24 24"
              >
                <path
                  d="M2.01 21 23 12 2.01 3 2 10l15 2-15 2z"
                />
              </svg>
            </span>
            <span
              class="MuiTouchRipple-root css-8je8zh-MuiTouchRipple-root"
            />
          </button>
        </div>
      </div>
    </form>
  </div>,
  "debug": [Function],
  "findAllByAltText": [Function],
  "findAllByDisplayValue": [Function],
  "findAllByLabelText": [Function],
  "findAllByPlaceholderText": [Function],
  "findAllByRole": [Function],
  "findAllByTestId": [Function],
  "findAllByText": [Function],
  "findAllByTitle": [Function],
  "findByAltText": [Function],
  "findByDisplayValue": [Function],
  "findByLabelText": [Function],
  "findByPlaceholderText": [Function],
  "findByRole": [Function],
  "findByTestId": [Function],
  "findByText": [Function],
  "findByTitle": [Function],
  "getAllByAltText": [Function],
  "getAllByDisplayValue": [Function],
  "getAllByLabelText": [Function],
  "getAllByPlaceholderText": [Function],
  "getAllByRole": [Function],
  "getAllByTestId": [Function],
  "getAllByText": [Function],
  "getAllByTitle": [Function],
  "getByAltText": [Function],
  "getByDisplayValue": [Function],
  "getByLabelText": [Function],
  "getByPlaceholderText": [Function],
  "getByRole": [Function],
  "getByTestId": [Function],
  "getByText": [Function],
  "getByTitle": [Function],
  "queryAllByAltText": [Function],
  "queryAllByDisplayValue": [Function],
  "queryAllByLabelText": [Function],
  "queryAllByPlaceholderText": [Function],
  "queryAllByRole": [Function],
  "queryAllByTestId": [Function],
  "queryAllByText": [Function],
  "queryAllByTitle": [Function],
  "queryByAltText": [Function],
  "queryByDisplayValue": [Function],
  "queryByLabelText": [Function],
  "queryByPlaceholderText": [Function],
  "queryByRole": [Function],
  "queryByTestId": [Function],
  "queryByText": [Function],
  "queryByTitle": [Function],
  "rerender": [Function],
  "unmount": [Function],
}
`;
